============================================================
气象数据质量报告
============================================================

1. 数据概况
----------------------------------------
生成时间: 2025-12-27 14:35:32
原始数据形状: (100, 2)
清洗后数据形状: (100, 2)
数据列: timestamp, temperature

2. 基础统计分析
----------------------------------------

raw_data:
  count: 95
  mean: 20.423084736457188
  std: 9.60701794900738
  min: 8.375639504582079
  max: 100.0
  25%: 16.41888154969718
  50%: 18.71921106311053
  75%: 23.655416498616276

cleaned_data:
  count: 100
  mean: 20.34142977841787
  std: 9.371724759344007
  min: 8.375639504582079
  max: 100.0
  25%: 16.54183803577427
  50%: 18.754598319390688
  75%: 23.386963609842844

3. 缺失值分析
----------------------------------------

原始数据:
  total_missing: 5
  missing_rate: 0.05
  missing_percentage: 5.00%
  gap_count: 1
  max_gap_length: 5
  avg_gap_length: 5.0

清洗后数据:
  total_missing: 0
  missing_rate: 0.0
  missing_percentage: 0.00%
  gap_count: 0
  max_gap_length: 0
  avg_gap_length: 0

处理摘要:
  missing_fixed: 5
  missing_remaining: 0
  improvement_percentage: 100.00%

4. 异常值分析
----------------------------------------
  count: 1
  rate: 0.01
  percentage: 1.00%
检测方法: 3σ原则检测

============================================================
报告结束
============================================================
